<html>
<body>
<pre>
<h1>µVision Build Log</h1>
<h2>Tool Versions:</h2>
IDE-Version: µVision V5.17.0.0
Copyright (C) 2015 ARM Ltd and ARM Germany GmbH. All rights reserved.
License Information: Kha Nguyen Tran, UIT, LIC=LSNMM-XUYGA-I5GTC-70BZC-8KHD3-M4BMH
 
Tool Versions:
Toolchain:       MDK-ARM Standard  Version: 5.17
Toolchain Path:  C:\Keil_v5\ARM\ARMCC\Bin
C Compiler:      Armcc.exe V5.06 update 1 (build 61)
Assembler:       Armasm.exe V5.06 update 1 (build 61)
Linker/Locator:  ArmLink.exe V5.06 update 1 (build 61)
Library Manager: ArmAr.exe V5.06 update 1 (build 61)
Hex Converter:   FromElf.exe V5.06 update 1 (build 61)
CPU DLL:         SARMCM3.DLL V5.17
Dialog DLL:      DCM.DLL V1.13.4.0
Target DLL:      STLink\ST-LINKIII-KEIL_SWO.dll V2.0.18.0
Dialog DLL:      TCM.DLL V1.14.6.0
 
<h2>Project:</h2>
C:\Users\TechMaster\Downloads\Compressed\mpoa_keil_projekt\OptRec\OptRec.uvprojx
Project File Date:  06/19/2018

<h2>Output:</h2>
*** Using Compiler 'V5.06 update 1 (build 61)', folder: 'C:\Keil_v5\ARM\ARMCC\Bin'
Rebuild target 'OptRec'
compiling system_control.c...
compiling main.c...
compiling OV7670_control.c...
compiling lcd_fonts.c...
compiling lcd_spi.c...
compiling lcd_ili9341.c...
compiling stm32f4xx_dcmi.c...
compiling misc.c...
compiling stm32f4xx_dma.c...
compiling stm32f4xx_gpio.c...
compiling stm32f4xx_i2c.c...
compiling stm32f4xx_rcc.c...
assembling startup_stm32f429_439xx.s...
compiling stm32f4xx_spi.c...
compiling system_stm32f4xx.c...
compiling stm32f4xx_tim.c...
linking...
Program Size: Code=15196 RO-data=10964 RW-data=80 ZI-data=155232  
FromELF: creating hex file...
".\OptRec.axf" - 0 Error(s), 0 Warning(s).

<h2>Software Packages used:</h2>

Package Vendor: ARM
                http://www.keil.com/pack/ARM.CMSIS.5.3.0.pack
                ARM::CMSIS:CORE:5.1.1
                CMSIS (Cortex Microcontroller Software Interface Standard)
   * Component: CORE Version: 5.1.1

Package Vendor: Keil
                http://www.keil.com/pack/Keil.STM32F4xx_DFP.1.0.8.pack
                Keil::Device:StdPeriph Drivers:DMA:1.3.0
                STMicroelectronics STM32F4 Series Device Support, Drivers and Examples
   * Component: DMA Version: 1.3.0
   * Component: Startup Version: 1.3.1
   * Component: Framework Version: 1.3.1
   * Component: DCMI Version: 1.3.0
   * Component: GPIO Version: 1.3.0
   * Component: I2C Version: 1.3.0
   * Component: SPI Version: 1.3.0
   * Component: TIM Version: 1.3.0
   * Component: RCC Version: 1.3.0

<h2>Collection of Component include folders:</h2>
  C:\Users\TechMaster\Downloads\Compressed\mpoa_keil_projekt\OptRec\RTE
  C:\Users\TechMaster\Downloads\Compressed\mpoa_keil_projekt\OptRec\RTE\Device\STM32F429ZI
  C:\Keil_v5\ARM\PACK\ARM\CMSIS\5.3.0\CMSIS\Include
  C:\Keil_v5\ARM\PACK\Keil\STM32F4xx_DFP\1.0.8\Device\Include
  C:\Keil_v5\ARM\PACK\Keil\STM32F4xx_DFP\1.0.8\Device\StdPeriph_Driver\inc

<h2>Collection of Component Files used:</h2>

   * Component: ARM::CMSIS:CORE:5.1.1

   * Component: Keil::Device:StdPeriph Drivers:DMA:1.3.0
      Include file:  Device\StdPeriph_Driver\inc\stm32f4xx_dma.h
      Source file:   Device\StdPeriph_Driver\src\stm32f4xx_dma.c

   * Component: Keil::Device:Startup:1.3.1
      Source file:   Device\Source\ARM\startup_stm32f429_439xx.s
      Include file:  RTE_Driver\Config\RTE_Device.h
      Source file:   Device\Source\ARM\STM32F4xx_OTP.s
      Source file:   Device\Source\ARM\STM32F42xxx_43xxx_OPT.s
      Source file:   Device\Source\system_stm32f4xx.c
      Include file:  Device\Include\stm32f4xx.h

   * Component: Keil::Device:StdPeriph Drivers:Framework:1.3.1
      Source file:   Device\StdPeriph_Driver\src\misc.c
      Include file:  Device\StdPeriph_Driver\templates\stm32f4xx_it.h
      Source file:   Device\StdPeriph_Driver\templates\stm32f4xx_it.c
      Source file:   Device\StdPeriph_Driver\templates\stm32f4xx_conf.h

   * Component: Keil::Device:StdPeriph Drivers:DCMI:1.3.0
      Source file:   Device\StdPeriph_Driver\src\stm32f4xx_dcmi.c
      Include file:  Device\StdPeriph_Driver\inc\stm32f4xx_dcmi.h

   * Component: Keil::Device:StdPeriph Drivers:GPIO:1.3.0
      Include file:  Device\StdPeriph_Driver\inc\stm32f4xx_gpio.h
      Source file:   Device\StdPeriph_Driver\src\stm32f4xx_gpio.c

   * Component: Keil::Device:StdPeriph Drivers:I2C:1.3.0
      Source file:   Device\StdPeriph_Driver\src\stm32f4xx_i2c.c
      Include file:  Device\StdPeriph_Driver\inc\stm32f4xx_i2c.h

   * Component: Keil::Device:StdPeriph Drivers:SPI:1.3.0
      Include file:  Device\StdPeriph_Driver\inc\stm32f4xx_spi.h
      Source file:   Device\StdPeriph_Driver\src\stm32f4xx_spi.c

   * Component: Keil::Device:StdPeriph Drivers:TIM:1.3.0
      Source file:   Device\StdPeriph_Driver\src\stm32f4xx_tim.c
      Include file:  Device\StdPeriph_Driver\inc\stm32f4xx_tim.h

   * Component: Keil::Device:StdPeriph Drivers:RCC:1.3.0
      Source file:   Device\StdPeriph_Driver\src\stm32f4xx_rcc.c
      Include file:  Device\StdPeriph_Driver\inc\stm32f4xx_rcc.h
Build Time Elapsed:  00:00:07
</pre>
</body>
</html>
